// Jest Snapshot v1, https://goo.gl/fbAQLP

exports[`My first snapshot test testing app button 1`] = `
<div
  className="App"
>
  <header
    className="App-header"
  >
    <button>
      Apply
    </button>
  </header>
</div>
`;
